2025-07-09 11:00:44,169 - ERROR - Unexpected error: 'NoneType' object cannot be interpreted as an integer
2025-07-09 11:00:47,676 - ERROR - Unexpected error: 'NoneType' object cannot be interpreted as an integer
2025-07-09 11:00:49,973 - ERROR - Unexpected error: 'NoneType' object cannot be interpreted as an integer
2025-07-09 11:00:55,875 - ERROR - Unexpected error: 'NoneType' object cannot be interpreted as an integer
2025-07-09 11:01:10,492 - ERROR - Unexpected error: 'NoneType' object cannot be interpreted as an integer
2025-07-09 11:01:14,900 - ERROR - Unexpected error: 'NoneType' object cannot be interpreted as an integer
2025-07-09 11:01:21,001 - ERROR - Unexpected error: 'NoneType' object cannot be interpreted as an integer
2025-07-09 11:01:21,531 - ERROR - Unexpected error: 'NoneType' object cannot be interpreted as an integer
2025-07-09 11:01:23,981 - ERROR - Unexpected error: 'NoneType' object cannot be interpreted as an integer
2025-07-09 11:01:30,516 - ERROR - Unexpected error: 'NoneType' object cannot be interpreted as an integer
2025-07-09 11:02:08,701 - ERROR - Unexpected error: 'NoneType' object cannot be interpreted as an integer
2025-07-09 11:02:16,405 - ERROR - Unexpected error: 'NoneType' object cannot be interpreted as an integer
2025-07-09 11:02:18,834 - ERROR - Unexpected error: 'NoneType' object cannot be interpreted as an integer
2025-07-09 11:02:29,957 - ERROR - Unexpected error: 'NoneType' object cannot be interpreted as an integer
2025-07-09 11:02:30,897 - ERROR - Unexpected error: 'NoneType' object cannot be interpreted as an integer
2025-07-09 11:03:06,344 - ERROR - Unexpected error: 'NoneType' object cannot be interpreted as an integer
2025-07-09 11:03:10,235 - ERROR - Unexpected error: 'NoneType' object cannot be interpreted as an integer
2025-07-09 11:03:44,028 - ERROR - Unexpected error: 'NoneType' object cannot be interpreted as an integer
2025-07-09 11:03:53,527 - ERROR - Unexpected error: 'NoneType' object cannot be interpreted as an integer
2025-07-09 11:03:59,677 - ERROR - Unexpected error: 'NoneType' object cannot be interpreted as an integer
2025-07-09 11:04:13,122 - ERROR - Unexpected error: 'NoneType' object cannot be interpreted as an integer
2025-07-09 11:04:41,603 - ERROR - Unexpected error: 'NoneType' object cannot be interpreted as an integer
2025-07-09 11:04:48,909 - ERROR - Unexpected error: 'NoneType' object cannot be interpreted as an integer
2025-07-09 11:04:49,385 - ERROR - Unexpected error: 'NoneType' object cannot be interpreted as an integer
2025-07-09 11:04:53,935 - ERROR - Unexpected error: 'NoneType' object cannot be interpreted as an integer
2025-07-09 11:04:58,188 - ERROR - Unexpected error: 'NoneType' object cannot be interpreted as an integer
2025-07-09 11:05:06,859 - ERROR - Unexpected error: 'NoneType' object cannot be interpreted as an integer
2025-07-09 11:05:11,045 - ERROR - Unexpected error: 'NoneType' object cannot be interpreted as an integer
2025-07-09 11:05:29,525 - ERROR - Unexpected error: 'NoneType' object cannot be interpreted as an integer
2025-07-09 11:06:07,832 - ERROR - Unexpected error: 'NoneType' object cannot be interpreted as an integer
2025-07-09 11:06:29,955 - ERROR - Unexpected error: 'NoneType' object cannot be interpreted as an integer
2025-07-09 11:07:01,976 - ERROR - Unexpected error: 'NoneType' object cannot be interpreted as an integer
2025-07-09 11:07:04,594 - ERROR - Unexpected error: 'NoneType' object cannot be interpreted as an integer
2025-07-09 11:07:07,317 - ERROR - Unexpected error: 'NoneType' object cannot be interpreted as an integer
2025-07-09 11:07:21,997 - ERROR - Request failed: 422 Client Error: Unprocessable Entity for url: https://arctic-shift.photon-reddit.com/api/posts/search?author=Banished_To_Insanity&after=1641016800&before=1745989200&limit=auto&sort=asc&meta-app=download-tool
2025-07-09 11:07:33,106 - ERROR - Unexpected error: 'NoneType' object cannot be interpreted as an integer
2025-07-09 11:07:35,669 - ERROR - Unexpected error: 'NoneType' object cannot be interpreted as an integer
2025-07-09 11:07:52,050 - ERROR - Unexpected error: 'NoneType' object cannot be interpreted as an integer
2025-07-09 11:07:53,805 - ERROR - Unexpected error: 'NoneType' object cannot be interpreted as an integer
2025-07-09 11:07:57,918 - ERROR - Unexpected error: 'NoneType' object cannot be interpreted as an integer
2025-07-09 11:08:01,599 - ERROR - Unexpected error: 'NoneType' object cannot be interpreted as an integer
2025-07-09 11:08:05,583 - ERROR - Unexpected error: 'NoneType' object cannot be interpreted as an integer
2025-07-09 11:08:15,357 - ERROR - Unexpected error: 'NoneType' object cannot be interpreted as an integer
2025-07-09 11:08:18,384 - ERROR - Unexpected error: 'NoneType' object cannot be interpreted as an integer
2025-07-09 11:08:19,367 - ERROR - Unexpected error: 'NoneType' object cannot be interpreted as an integer
2025-07-09 11:08:25,748 - ERROR - Unexpected error: 'NoneType' object cannot be interpreted as an integer
2025-07-09 11:08:29,210 - ERROR - Unexpected error: 'NoneType' object cannot be interpreted as an integer
2025-07-09 11:09:08,410 - ERROR - Unexpected error: 'NoneType' object cannot be interpreted as an integer
2025-07-09 11:09:30,373 - ERROR - Unexpected error: 'NoneType' object cannot be interpreted as an integer
2025-07-09 11:09:42,448 - ERROR - Unexpected error: 'NoneType' object cannot be interpreted as an integer
2025-07-09 11:09:50,986 - ERROR - Unexpected error: 'NoneType' object cannot be interpreted as an integer
2025-07-09 11:10:01,532 - ERROR - Unexpected error: 'NoneType' object cannot be interpreted as an integer
2025-07-09 11:10:42,355 - ERROR - Unexpected error: 'NoneType' object cannot be interpreted as an integer
2025-07-09 11:10:52,822 - ERROR - Unexpected error: 'NoneType' object cannot be interpreted as an integer
2025-07-09 11:10:57,813 - ERROR - Unexpected error: 'NoneType' object cannot be interpreted as an integer
2025-07-09 11:11:03,533 - ERROR - Unexpected error: 'NoneType' object cannot be interpreted as an integer
2025-07-09 11:11:05,711 - ERROR - Request failed: ('Connection aborted.', RemoteDisconnected('Remote end closed connection without response'))
2025-07-09 11:11:19,661 - ERROR - Unexpected error: 'NoneType' object cannot be interpreted as an integer
2025-07-09 11:11:32,235 - INFO - Processed 2000 users so far
2025-07-09 11:11:44,342 - ERROR - Unexpected error: 'NoneType' object cannot be interpreted as an integer
2025-07-09 11:11:45,799 - ERROR - Unexpected error: 'NoneType' object cannot be interpreted as an integer
2025-07-09 11:12:11,861 - ERROR - Unexpected error: 'NoneType' object cannot be interpreted as an integer
2025-07-09 11:12:20,596 - ERROR - Unexpected error: 'NoneType' object cannot be interpreted as an integer
2025-07-09 11:12:44,830 - ERROR - Unexpected error: 'NoneType' object cannot be interpreted as an integer
2025-07-09 11:12:48,166 - ERROR - Unexpected error: 'NoneType' object cannot be interpreted as an integer
2025-07-09 11:12:49,937 - ERROR - Unexpected error: 'NoneType' object cannot be interpreted as an integer
2025-07-09 11:12:52,906 - ERROR - Unexpected error: 'NoneType' object cannot be interpreted as an integer
2025-07-09 11:13:03,711 - ERROR - Unexpected error: 'NoneType' object cannot be interpreted as an integer
2025-07-09 11:13:35,758 - ERROR - Unexpected error: 'NoneType' object cannot be interpreted as an integer
2025-07-09 11:13:48,765 - ERROR - Unexpected error: 'NoneType' object cannot be interpreted as an integer
2025-07-09 11:13:53,663 - ERROR - Unexpected error: 'NoneType' object cannot be interpreted as an integer
2025-07-09 11:13:53,831 - ERROR - Unexpected error: 'NoneType' object cannot be interpreted as an integer
2025-07-09 11:13:55,056 - ERROR - Unexpected error: 'NoneType' object cannot be interpreted as an integer
2025-07-09 11:13:55,830 - ERROR - Unexpected error: 'NoneType' object cannot be interpreted as an integer
2025-07-09 11:14:05,519 - ERROR - Unexpected error: 'NoneType' object cannot be interpreted as an integer
2025-07-09 11:14:08,378 - ERROR - Unexpected error: 'NoneType' object cannot be interpreted as an integer
2025-07-09 11:14:09,532 - ERROR - Unexpected error: 'NoneType' object cannot be interpreted as an integer
2025-07-09 11:14:13,029 - ERROR - Unexpected error: 'NoneType' object cannot be interpreted as an integer
2025-07-09 11:14:13,882 - ERROR - Unexpected error: 'NoneType' object cannot be interpreted as an integer
2025-07-09 11:14:14,544 - ERROR - Unexpected error: 'NoneType' object cannot be interpreted as an integer
2025-07-09 11:14:25,306 - ERROR - Unexpected error: 'NoneType' object cannot be interpreted as an integer
2025-07-09 11:14:28,688 - ERROR - Unexpected error: 'NoneType' object cannot be interpreted as an integer
2025-07-09 11:14:39,216 - ERROR - Unexpected error: 'NoneType' object cannot be interpreted as an integer
2025-07-09 11:14:40,460 - ERROR - Unexpected error: 'NoneType' object cannot be interpreted as an integer
2025-07-09 11:14:41,108 - ERROR - Unexpected error: 'NoneType' object cannot be interpreted as an integer
2025-07-09 11:14:46,759 - ERROR - Unexpected error: 'NoneType' object cannot be interpreted as an integer
2025-07-09 11:14:50,873 - ERROR - Unexpected error: 'NoneType' object cannot be interpreted as an integer
2025-07-09 11:14:58,563 - ERROR - Unexpected error: 'NoneType' object cannot be interpreted as an integer
2025-07-09 11:15:09,590 - ERROR - Unexpected error: 'NoneType' object cannot be interpreted as an integer
2025-07-09 11:15:16,681 - ERROR - Unexpected error: 'NoneType' object cannot be interpreted as an integer
2025-07-09 11:15:23,804 - ERROR - Unexpected error: 'NoneType' object cannot be interpreted as an integer
2025-07-09 11:15:40,110 - ERROR - Unexpected error: 'NoneType' object cannot be interpreted as an integer
2025-07-09 11:15:43,742 - ERROR - Unexpected error: 'NoneType' object cannot be interpreted as an integer
2025-07-09 11:15:49,081 - ERROR - Unexpected error: 'NoneType' object cannot be interpreted as an integer
2025-07-09 11:15:58,598 - ERROR - Unexpected error: 'NoneType' object cannot be interpreted as an integer
2025-07-09 11:16:05,744 - ERROR - Unexpected error: 'NoneType' object cannot be interpreted as an integer
2025-07-09 11:16:10,144 - ERROR - Unexpected error: 'NoneType' object cannot be interpreted as an integer
2025-07-09 11:16:11,176 - ERROR - Unexpected error: 'NoneType' object cannot be interpreted as an integer
2025-07-09 11:16:15,271 - ERROR - Unexpected error: 'NoneType' object cannot be interpreted as an integer
2025-07-09 11:16:18,126 - ERROR - Unexpected error: 'NoneType' object cannot be interpreted as an integer
2025-07-09 11:16:28,344 - ERROR - Unexpected error: 'NoneType' object cannot be interpreted as an integer
2025-07-09 11:16:31,565 - ERROR - Unexpected error: 'NoneType' object cannot be interpreted as an integer
2025-07-09 11:16:37,862 - ERROR - Unexpected error: 'NoneType' object cannot be interpreted as an integer
2025-07-09 11:16:39,734 - ERROR - Unexpected error: 'NoneType' object cannot be interpreted as an integer
2025-07-09 11:16:49,303 - ERROR - Unexpected error: 'NoneType' object cannot be interpreted as an integer
2025-07-09 11:16:57,970 - ERROR - Unexpected error: 'NoneType' object cannot be interpreted as an integer
2025-07-09 11:17:06,623 - ERROR - Unexpected error: 'NoneType' object cannot be interpreted as an integer
2025-07-09 11:17:30,116 - ERROR - Unexpected error: 'NoneType' object cannot be interpreted as an integer
2025-07-09 11:17:32,228 - ERROR - Unexpected error: 'NoneType' object cannot be interpreted as an integer
2025-07-09 11:17:50,373 - ERROR - Unexpected error: 'NoneType' object cannot be interpreted as an integer
2025-07-09 11:18:01,187 - ERROR - Unexpected error: 'NoneType' object cannot be interpreted as an integer
2025-07-09 11:18:02,345 - ERROR - Unexpected error: 'NoneType' object cannot be interpreted as an integer
2025-07-09 11:18:14,851 - ERROR - Unexpected error: 'NoneType' object cannot be interpreted as an integer
2025-07-09 11:18:15,702 - ERROR - Unexpected error: 'NoneType' object cannot be interpreted as an integer
2025-07-09 11:18:16,030 - ERROR - Unexpected error: 'NoneType' object cannot be interpreted as an integer
2025-07-09 11:18:24,281 - ERROR - Unexpected error: 'NoneType' object cannot be interpreted as an integer
2025-07-09 11:18:24,656 - ERROR - Unexpected error: 'NoneType' object cannot be interpreted as an integer
2025-07-09 11:18:26,658 - ERROR - Unexpected error: 'NoneType' object cannot be interpreted as an integer
2025-07-09 11:18:44,630 - ERROR - Unexpected error: 'NoneType' object cannot be interpreted as an integer
2025-07-09 11:18:46,159 - ERROR - Unexpected error: 'NoneType' object cannot be interpreted as an integer
2025-07-09 11:18:56,233 - ERROR - Unexpected error: 'NoneType' object cannot be interpreted as an integer
2025-07-09 11:19:02,428 - ERROR - Unexpected error: 'NoneType' object cannot be interpreted as an integer
2025-07-09 11:19:11,921 - ERROR - Unexpected error: 'NoneType' object cannot be interpreted as an integer
2025-07-09 11:19:45,240 - ERROR - Unexpected error: 'NoneType' object cannot be interpreted as an integer
2025-07-09 11:19:48,627 - ERROR - Unexpected error: 'NoneType' object cannot be interpreted as an integer
2025-07-09 11:19:51,215 - ERROR - Unexpected error: 'NoneType' object cannot be interpreted as an integer
2025-07-09 11:19:51,383 - ERROR - Unexpected error: 'NoneType' object cannot be interpreted as an integer
2025-07-09 11:20:11,053 - ERROR - Unexpected error: 'NoneType' object cannot be interpreted as an integer
2025-07-09 11:20:20,278 - INFO - Processed 4000 users so far
2025-07-09 11:20:23,450 - ERROR - Unexpected error: 'NoneType' object cannot be interpreted as an integer
2025-07-09 11:20:30,632 - ERROR - Unexpected error: 'NoneType' object cannot be interpreted as an integer
2025-07-09 11:20:31,490 - ERROR - Unexpected error: 'NoneType' object cannot be interpreted as an integer
2025-07-09 11:20:43,913 - ERROR - Unexpected error: 'NoneType' object cannot be interpreted as an integer
2025-07-09 11:20:55,743 - ERROR - Unexpected error: 'NoneType' object cannot be interpreted as an integer
2025-07-09 11:21:40,921 - ERROR - Unexpected error: 'NoneType' object cannot be interpreted as an integer
2025-07-09 11:21:48,785 - ERROR - Unexpected error: 'NoneType' object cannot be interpreted as an integer
2025-07-09 11:22:02,330 - ERROR - Unexpected error: 'NoneType' object cannot be interpreted as an integer
2025-07-09 11:22:05,346 - ERROR - Unexpected error: 'NoneType' object cannot be interpreted as an integer
2025-07-09 11:22:29,978 - ERROR - Unexpected error: 'NoneType' object cannot be interpreted as an integer
2025-07-09 11:22:30,149 - ERROR - Unexpected error: 'NoneType' object cannot be interpreted as an integer
2025-07-09 11:22:37,555 - ERROR - Unexpected error: 'NoneType' object cannot be interpreted as an integer
2025-07-09 11:22:44,833 - ERROR - Unexpected error: 'NoneType' object cannot be interpreted as an integer
2025-07-09 11:22:45,999 - ERROR - Unexpected error: 'NoneType' object cannot be interpreted as an integer
2025-07-09 11:22:56,092 - ERROR - Unexpected error: 'NoneType' object cannot be interpreted as an integer
2025-07-09 11:23:28,543 - ERROR - Unexpected error: 'NoneType' object cannot be interpreted as an integer
2025-07-09 11:23:48,813 - ERROR - Unexpected error: 'NoneType' object cannot be interpreted as an integer
2025-07-09 11:24:00,909 - ERROR - Unexpected error: 'NoneType' object cannot be interpreted as an integer
2025-07-09 11:24:25,294 - ERROR - Unexpected error: 'NoneType' object cannot be interpreted as an integer
2025-07-09 11:24:28,558 - ERROR - Unexpected error: 'NoneType' object cannot be interpreted as an integer
2025-07-09 11:24:30,864 - ERROR - Unexpected error: 'NoneType' object cannot be interpreted as an integer
2025-07-09 11:24:34,372 - ERROR - Unexpected error: 'NoneType' object cannot be interpreted as an integer
2025-07-09 11:24:50,799 - ERROR - Unexpected error: 'NoneType' object cannot be interpreted as an integer
2025-07-09 11:24:57,245 - ERROR - Unexpected error: 'NoneType' object cannot be interpreted as an integer
2025-07-09 11:25:03,218 - ERROR - Unexpected error: 'NoneType' object cannot be interpreted as an integer
2025-07-09 11:25:09,392 - ERROR - Unexpected error: 'NoneType' object cannot be interpreted as an integer
2025-07-09 11:25:41,093 - ERROR - Unexpected error: 'NoneType' object cannot be interpreted as an integer
2025-07-09 11:26:26,356 - ERROR - Unexpected error: 'NoneType' object cannot be interpreted as an integer
2025-07-09 11:26:39,828 - ERROR - Unexpected error: 'NoneType' object cannot be interpreted as an integer
2025-07-09 11:27:21,587 - ERROR - Unexpected error: 'NoneType' object cannot be interpreted as an integer
2025-07-09 11:27:23,368 - ERROR - Unexpected error: 'NoneType' object cannot be interpreted as an integer
2025-07-09 11:27:32,874 - ERROR - Unexpected error: 'NoneType' object cannot be interpreted as an integer
2025-07-09 11:27:33,372 - ERROR - Unexpected error: 'NoneType' object cannot be interpreted as an integer
2025-07-09 11:27:34,008 - ERROR - Unexpected error: 'NoneType' object cannot be interpreted as an integer
2025-07-09 11:27:49,211 - ERROR - Unexpected error: 'NoneType' object cannot be interpreted as an integer
2025-07-09 11:28:15,026 - ERROR - Unexpected error: 'NoneType' object cannot be interpreted as an integer
2025-07-09 11:28:34,863 - ERROR - Unexpected error: 'NoneType' object cannot be interpreted as an integer
2025-07-09 11:28:39,368 - ERROR - Unexpected error: 'NoneType' object cannot be interpreted as an integer
2025-07-09 11:29:01,500 - ERROR - Unexpected error: 'NoneType' object cannot be interpreted as an integer
2025-07-09 11:29:18,530 - ERROR - Unexpected error: 'NoneType' object cannot be interpreted as an integer
2025-07-09 11:29:34,987 - ERROR - Unexpected error: 'NoneType' object cannot be interpreted as an integer
2025-07-09 11:29:38,080 - ERROR - Unexpected error: 'NoneType' object cannot be interpreted as an integer
2025-07-09 11:29:43,561 - ERROR - Unexpected error: 'NoneType' object cannot be interpreted as an integer
2025-07-09 11:29:45,618 - ERROR - Unexpected error: 'NoneType' object cannot be interpreted as an integer
2025-07-09 11:29:48,664 - ERROR - Unexpected error: 'NoneType' object cannot be interpreted as an integer
2025-07-09 11:30:04,194 - ERROR - Unexpected error: 'NoneType' object cannot be interpreted as an integer
2025-07-09 11:30:35,002 - ERROR - Unexpected error: 'NoneType' object cannot be interpreted as an integer
2025-07-09 11:30:50,161 - ERROR - Unexpected error: 'NoneType' object cannot be interpreted as an integer
2025-07-09 11:31:06,222 - INFO - Processed 6000 users so far
2025-07-09 11:31:08,049 - ERROR - Unexpected error: 'NoneType' object cannot be interpreted as an integer
2025-07-09 11:31:10,540 - ERROR - Unexpected error: 'NoneType' object cannot be interpreted as an integer
2025-07-09 11:31:28,740 - ERROR - Unexpected error: 'NoneType' object cannot be interpreted as an integer
2025-07-09 11:31:49,657 - ERROR - Unexpected error: 'NoneType' object cannot be interpreted as an integer
2025-07-09 11:32:00,228 - ERROR - Unexpected error: 'NoneType' object cannot be interpreted as an integer
2025-07-09 11:32:01,493 - ERROR - Unexpected error: 'NoneType' object cannot be interpreted as an integer
2025-07-09 11:32:26,972 - ERROR - Unexpected error: 'NoneType' object cannot be interpreted as an integer
2025-07-09 11:32:47,944 - ERROR - Unexpected error: 'NoneType' object cannot be interpreted as an integer
2025-07-09 11:33:57,620 - ERROR - Unexpected error: 'NoneType' object cannot be interpreted as an integer
2025-07-09 11:34:25,961 - ERROR - Request failed: 422 Client Error: Unprocessable Entity for url: https://arctic-shift.photon-reddit.com/api/posts/search?author=DeliciousRich5944&after=1641016800&before=1745989200&limit=auto&sort=asc&meta-app=download-tool
2025-07-09 11:34:39,432 - ERROR - Unexpected error: 'NoneType' object cannot be interpreted as an integer
2025-07-09 11:34:48,742 - ERROR - Unexpected error: 'NoneType' object cannot be interpreted as an integer
2025-07-09 11:34:57,608 - ERROR - Unexpected error: 'NoneType' object cannot be interpreted as an integer
2025-07-09 11:34:58,838 - ERROR - Unexpected error: 'NoneType' object cannot be interpreted as an integer
2025-07-09 11:35:08,434 - ERROR - Unexpected error: 'NoneType' object cannot be interpreted as an integer
2025-07-09 11:35:57,232 - ERROR - Unexpected error: 'NoneType' object cannot be interpreted as an integer
2025-07-09 11:36:07,676 - ERROR - Unexpected error: 'NoneType' object cannot be interpreted as an integer
2025-07-09 11:36:11,746 - ERROR - Unexpected error: 'NoneType' object cannot be interpreted as an integer
2025-07-09 11:37:01,570 - ERROR - Unexpected error: 'NoneType' object cannot be interpreted as an integer
2025-07-09 11:37:08,379 - ERROR - Unexpected error: 'NoneType' object cannot be interpreted as an integer
2025-07-09 11:37:21,952 - ERROR - Unexpected error: 'NoneType' object cannot be interpreted as an integer
2025-07-09 11:37:30,411 - ERROR - Unexpected error: 'NoneType' object cannot be interpreted as an integer
2025-07-09 11:37:33,461 - ERROR - Unexpected error: 'NoneType' object cannot be interpreted as an integer
2025-07-09 11:37:38,562 - ERROR - Unexpected error: 'NoneType' object cannot be interpreted as an integer
2025-07-09 11:37:40,918 - ERROR - Unexpected error: 'NoneType' object cannot be interpreted as an integer
2025-07-09 11:37:56,533 - ERROR - Unexpected error: 'NoneType' object cannot be interpreted as an integer
2025-07-09 11:38:05,378 - ERROR - Unexpected error: 'NoneType' object cannot be interpreted as an integer
2025-07-09 11:38:10,866 - ERROR - Unexpected error: 'NoneType' object cannot be interpreted as an integer
2025-07-09 11:38:13,558 - ERROR - Unexpected error: 'NoneType' object cannot be interpreted as an integer
2025-07-09 11:38:18,774 - ERROR - Unexpected error: 'NoneType' object cannot be interpreted as an integer
2025-07-09 11:38:20,081 - ERROR - Unexpected error: 'NoneType' object cannot be interpreted as an integer
2025-07-09 11:39:11,770 - ERROR - Unexpected error: 'NoneType' object cannot be interpreted as an integer
2025-07-09 11:39:23,886 - ERROR - Unexpected error: 'NoneType' object cannot be interpreted as an integer
2025-07-09 11:39:25,860 - ERROR - Unexpected error: 'NoneType' object cannot be interpreted as an integer
2025-07-09 11:39:26,330 - ERROR - Unexpected error: 'NoneType' object cannot be interpreted as an integer
2025-07-09 11:40:02,743 - ERROR - Unexpected error: 'NoneType' object cannot be interpreted as an integer
2025-07-09 11:40:04,463 - ERROR - Unexpected error: 'NoneType' object cannot be interpreted as an integer
2025-07-09 11:40:05,329 - ERROR - Unexpected error: 'NoneType' object cannot be interpreted as an integer
2025-07-09 11:40:21,371 - ERROR - Unexpected error: 'NoneType' object cannot be interpreted as an integer
2025-07-09 11:40:30,663 - ERROR - Unexpected error: 'NoneType' object cannot be interpreted as an integer
2025-07-09 11:40:36,636 - ERROR - Unexpected error: 'NoneType' object cannot be interpreted as an integer
2025-07-09 11:40:40,971 - ERROR - Unexpected error: 'NoneType' object cannot be interpreted as an integer
2025-07-09 11:40:57,364 - ERROR - Unexpected error: 'NoneType' object cannot be interpreted as an integer
2025-07-09 11:41:05,389 - ERROR - Unexpected error: 'NoneType' object cannot be interpreted as an integer
2025-07-09 11:41:11,349 - ERROR - Unexpected error: 'NoneType' object cannot be interpreted as an integer
2025-07-09 11:41:14,341 - ERROR - Unexpected error: 'NoneType' object cannot be interpreted as an integer
2025-07-09 11:41:28,764 - ERROR - Unexpected error: 'NoneType' object cannot be interpreted as an integer
2025-07-09 11:41:35,560 - ERROR - Unexpected error: 'NoneType' object cannot be interpreted as an integer
2025-07-09 11:41:50,311 - ERROR - Unexpected error: 'NoneType' object cannot be interpreted as an integer
2025-07-09 11:42:10,678 - INFO - Processed 8000 users so far
2025-07-09 11:42:15,437 - ERROR - Unexpected error: 'NoneType' object cannot be interpreted as an integer
2025-07-09 11:42:19,453 - ERROR - Unexpected error: 'NoneType' object cannot be interpreted as an integer
2025-07-09 11:42:38,723 - ERROR - Unexpected error: 'NoneType' object cannot be interpreted as an integer
2025-07-09 11:43:14,870 - ERROR - Unexpected error: 'NoneType' object cannot be interpreted as an integer
2025-07-09 11:43:25,101 - ERROR - Unexpected error: 'NoneType' object cannot be interpreted as an integer
2025-07-09 11:43:26,391 - ERROR - Unexpected error: 'NoneType' object cannot be interpreted as an integer
2025-07-09 11:43:28,444 - ERROR - Unexpected error: 'NoneType' object cannot be interpreted as an integer
2025-07-09 11:43:34,867 - ERROR - Unexpected error: 'NoneType' object cannot be interpreted as an integer
2025-07-09 11:43:47,894 - ERROR - Unexpected error: 'NoneType' object cannot be interpreted as an integer
2025-07-09 11:43:51,557 - ERROR - Unexpected error: 'NoneType' object cannot be interpreted as an integer
2025-07-09 11:43:56,342 - ERROR - Unexpected error: 'NoneType' object cannot be interpreted as an integer
2025-07-09 11:44:04,309 - ERROR - Unexpected error: 'NoneType' object cannot be interpreted as an integer
2025-07-09 11:44:07,730 - ERROR - Unexpected error: 'NoneType' object cannot be interpreted as an integer
2025-07-09 11:44:17,395 - ERROR - Unexpected error: 'NoneType' object cannot be interpreted as an integer
2025-07-09 11:44:28,143 - ERROR - Unexpected error: 'NoneType' object cannot be interpreted as an integer
2025-07-09 11:44:32,093 - ERROR - Unexpected error: 'NoneType' object cannot be interpreted as an integer
2025-07-09 11:44:38,522 - ERROR - Unexpected error: 'NoneType' object cannot be interpreted as an integer
2025-07-09 11:44:48,261 - ERROR - Unexpected error: 'NoneType' object cannot be interpreted as an integer
2025-07-09 11:44:55,978 - ERROR - Unexpected error: 'NoneType' object cannot be interpreted as an integer
2025-07-09 11:45:11,745 - ERROR - Unexpected error: 'NoneType' object cannot be interpreted as an integer
2025-07-09 11:45:12,618 - ERROR - Unexpected error: 'NoneType' object cannot be interpreted as an integer
2025-07-09 11:45:15,062 - ERROR - Unexpected error: 'NoneType' object cannot be interpreted as an integer
2025-07-09 11:45:25,600 - ERROR - Unexpected error: 'NoneType' object cannot be interpreted as an integer
2025-07-09 11:45:42,603 - ERROR - Unexpected error: 'NoneType' object cannot be interpreted as an integer
2025-07-09 11:45:43,266 - ERROR - Unexpected error: 'NoneType' object cannot be interpreted as an integer
2025-07-09 11:45:50,697 - ERROR - Unexpected error: 'NoneType' object cannot be interpreted as an integer
2025-07-09 11:46:00,490 - ERROR - Unexpected error: 'NoneType' object cannot be interpreted as an integer
2025-07-09 11:46:02,031 - ERROR - Unexpected error: 'NoneType' object cannot be interpreted as an integer
2025-07-09 11:47:13,382 - ERROR - Unexpected error: 'NoneType' object cannot be interpreted as an integer
2025-07-09 11:47:26,795 - ERROR - Unexpected error: 'NoneType' object cannot be interpreted as an integer
2025-07-09 11:47:28,722 - ERROR - Unexpected error: 'NoneType' object cannot be interpreted as an integer
2025-07-09 11:47:35,577 - ERROR - Unexpected error: 'NoneType' object cannot be interpreted as an integer
2025-07-09 11:47:37,237 - ERROR - Unexpected error: 'NoneType' object cannot be interpreted as an integer
2025-07-09 11:47:49,848 - ERROR - Unexpected error: 'NoneType' object cannot be interpreted as an integer
2025-07-09 11:48:24,583 - ERROR - Unexpected error: 'NoneType' object cannot be interpreted as an integer
2025-07-09 11:48:38,807 - ERROR - Unexpected error: 'NoneType' object cannot be interpreted as an integer
2025-07-09 11:48:48,543 - ERROR - Unexpected error: 'NoneType' object cannot be interpreted as an integer
2025-07-09 11:49:21,454 - ERROR - Unexpected error: 'NoneType' object cannot be interpreted as an integer
2025-07-09 11:49:23,914 - ERROR - Unexpected error: 'NoneType' object cannot be interpreted as an integer
2025-07-09 11:49:38,850 - ERROR - Unexpected error: 'NoneType' object cannot be interpreted as an integer
2025-07-09 11:49:41,802 - ERROR - Unexpected error: 'NoneType' object cannot be interpreted as an integer
2025-07-09 11:49:50,344 - ERROR - Unexpected error: 'NoneType' object cannot be interpreted as an integer
2025-07-09 11:49:53,991 - ERROR - Unexpected error: 'NoneType' object cannot be interpreted as an integer
2025-07-09 11:49:59,348 - ERROR - Unexpected error: 'NoneType' object cannot be interpreted as an integer
2025-07-09 11:50:06,383 - ERROR - Unexpected error: 'NoneType' object cannot be interpreted as an integer
2025-07-09 11:50:13,739 - ERROR - Unexpected error: 'NoneType' object cannot be interpreted as an integer
2025-07-09 11:50:24,700 - ERROR - Unexpected error: 'NoneType' object cannot be interpreted as an integer
2025-07-09 11:50:28,342 - ERROR - Unexpected error: 'NoneType' object cannot be interpreted as an integer
2025-07-09 11:50:36,012 - ERROR - Unexpected error: 'NoneType' object cannot be interpreted as an integer
2025-07-09 11:50:42,465 - ERROR - Unexpected error: 'NoneType' object cannot be interpreted as an integer
2025-07-09 11:50:53,665 - ERROR - Unexpected error: 'NoneType' object cannot be interpreted as an integer
2025-07-09 11:51:15,536 - ERROR - Unexpected error: 'NoneType' object cannot be interpreted as an integer
2025-07-09 11:51:17,161 - ERROR - Unexpected error: 'NoneType' object cannot be interpreted as an integer
2025-07-09 11:51:30,466 - INFO - Processed 10000 users so far
2025-07-09 11:51:30,643 - ERROR - Unexpected error: 'NoneType' object cannot be interpreted as an integer
2025-07-09 11:51:59,538 - ERROR - Unexpected error: 'NoneType' object cannot be interpreted as an integer
2025-07-09 11:52:01,693 - ERROR - Unexpected error: 'NoneType' object cannot be interpreted as an integer
2025-07-09 11:52:10,662 - ERROR - Unexpected error: 'NoneType' object cannot be interpreted as an integer
2025-07-09 11:52:18,298 - ERROR - Unexpected error: 'NoneType' object cannot be interpreted as an integer
2025-07-09 11:52:35,652 - ERROR - Unexpected error: 'NoneType' object cannot be interpreted as an integer
2025-07-09 11:52:36,585 - ERROR - Unexpected error: 'NoneType' object cannot be interpreted as an integer
2025-07-09 11:53:06,125 - ERROR - Unexpected error: 'NoneType' object cannot be interpreted as an integer
2025-07-09 11:53:16,890 - ERROR - Unexpected error: 'NoneType' object cannot be interpreted as an integer
2025-07-09 11:53:24,836 - ERROR - Unexpected error: 'NoneType' object cannot be interpreted as an integer
2025-07-09 11:53:41,421 - ERROR - Unexpected error: 'NoneType' object cannot be interpreted as an integer
2025-07-09 11:53:44,891 - ERROR - Unexpected error: 'NoneType' object cannot be interpreted as an integer
2025-07-09 11:53:59,322 - ERROR - Unexpected error: 'NoneType' object cannot be interpreted as an integer
2025-07-09 11:54:01,933 - ERROR - Unexpected error: 'NoneType' object cannot be interpreted as an integer
2025-07-09 11:54:26,927 - ERROR - Unexpected error: 'NoneType' object cannot be interpreted as an integer
2025-07-09 11:54:46,070 - ERROR - Unexpected error: 'NoneType' object cannot be interpreted as an integer
2025-07-09 11:55:34,732 - ERROR - Unexpected error: 'NoneType' object cannot be interpreted as an integer
2025-07-09 11:55:36,447 - ERROR - Unexpected error: 'NoneType' object cannot be interpreted as an integer
2025-07-09 11:55:53,277 - ERROR - Unexpected error: 'NoneType' object cannot be interpreted as an integer
2025-07-09 11:55:53,911 - ERROR - Unexpected error: 'NoneType' object cannot be interpreted as an integer
2025-07-09 11:56:14,873 - ERROR - Unexpected error: 'NoneType' object cannot be interpreted as an integer
2025-07-09 11:56:15,174 - ERROR - Unexpected error: 'NoneType' object cannot be interpreted as an integer
2025-07-09 11:56:32,365 - ERROR - Unexpected error: 'NoneType' object cannot be interpreted as an integer
2025-07-09 11:56:32,882 - ERROR - Unexpected error: 'NoneType' object cannot be interpreted as an integer
2025-07-09 11:56:37,766 - ERROR - Unexpected error: 'NoneType' object cannot be interpreted as an integer
2025-07-09 11:57:03,337 - ERROR - Unexpected error: 'NoneType' object cannot be interpreted as an integer
2025-07-09 11:57:16,227 - ERROR - Unexpected error: 'NoneType' object cannot be interpreted as an integer
2025-07-09 11:57:17,825 - ERROR - Unexpected error: 'NoneType' object cannot be interpreted as an integer
2025-07-09 11:57:31,334 - ERROR - Unexpected error: 'NoneType' object cannot be interpreted as an integer
2025-07-09 11:57:41,102 - ERROR - Unexpected error: 'NoneType' object cannot be interpreted as an integer
2025-07-09 11:57:45,790 - ERROR - Unexpected error: 'NoneType' object cannot be interpreted as an integer
2025-07-09 11:57:45,955 - ERROR - Unexpected error: 'NoneType' object cannot be interpreted as an integer
2025-07-09 11:57:51,357 - ERROR - Unexpected error: 'NoneType' object cannot be interpreted as an integer
2025-07-09 11:57:59,800 - ERROR - Unexpected error: 'NoneType' object cannot be interpreted as an integer
2025-07-09 11:58:11,402 - ERROR - Unexpected error: 'NoneType' object cannot be interpreted as an integer
2025-07-09 11:58:19,305 - ERROR - Unexpected error: 'NoneType' object cannot be interpreted as an integer
2025-07-09 11:58:24,106 - ERROR - Unexpected error: 'NoneType' object cannot be interpreted as an integer
2025-07-09 11:58:29,952 - ERROR - Unexpected error: 'NoneType' object cannot be interpreted as an integer
2025-07-09 11:58:38,954 - ERROR - Unexpected error: 'NoneType' object cannot be interpreted as an integer
2025-07-09 11:58:47,163 - ERROR - Unexpected error: 'NoneType' object cannot be interpreted as an integer
2025-07-09 11:58:50,425 - ERROR - Unexpected error: 'NoneType' object cannot be interpreted as an integer
2025-07-09 11:59:13,933 - ERROR - Unexpected error: 'NoneType' object cannot be interpreted as an integer
2025-07-09 11:59:15,155 - ERROR - Unexpected error: 'NoneType' object cannot be interpreted as an integer
2025-07-09 11:59:28,056 - ERROR - Unexpected error: 'NoneType' object cannot be interpreted as an integer
2025-07-09 11:59:41,423 - ERROR - Unexpected error: 'NoneType' object cannot be interpreted as an integer
2025-07-09 11:59:42,558 - ERROR - Unexpected error: 'NoneType' object cannot be interpreted as an integer
2025-07-09 11:59:52,296 - ERROR - Unexpected error: 'NoneType' object cannot be interpreted as an integer
2025-07-09 12:00:01,805 - ERROR - Unexpected error: 'NoneType' object cannot be interpreted as an integer
2025-07-09 12:00:23,561 - ERROR - Unexpected error: 'NoneType' object cannot be interpreted as an integer
2025-07-09 12:00:25,371 - INFO - Processed 12000 users so far
2025-07-09 12:00:27,629 - ERROR - Unexpected error: 'NoneType' object cannot be interpreted as an integer
2025-07-09 12:00:30,682 - ERROR - Unexpected error: 'NoneType' object cannot be interpreted as an integer
2025-07-09 12:00:32,165 - ERROR - Unexpected error: 'NoneType' object cannot be interpreted as an integer
2025-07-09 12:00:58,083 - ERROR - Unexpected error: 'NoneType' object cannot be interpreted as an integer
2025-07-09 12:01:01,837 - ERROR - Unexpected error: 'NoneType' object cannot be interpreted as an integer
2025-07-09 12:01:13,944 - ERROR - Unexpected error: 'NoneType' object cannot be interpreted as an integer
2025-07-09 12:01:34,712 - ERROR - Unexpected error: 'NoneType' object cannot be interpreted as an integer
2025-07-09 12:02:00,000 - ERROR - Unexpected error: 'NoneType' object cannot be interpreted as an integer
2025-07-09 12:02:01,631 - ERROR - Unexpected error: 'NoneType' object cannot be interpreted as an integer
2025-07-09 12:02:03,515 - ERROR - Unexpected error: 'NoneType' object cannot be interpreted as an integer
2025-07-09 12:02:05,572 - ERROR - Unexpected error: 'NoneType' object cannot be interpreted as an integer
2025-07-09 12:02:15,427 - ERROR - Unexpected error: 'NoneType' object cannot be interpreted as an integer
2025-07-09 12:02:53,587 - ERROR - Unexpected error: 'NoneType' object cannot be interpreted as an integer
2025-07-09 12:03:23,403 - ERROR - Unexpected error: 'NoneType' object cannot be interpreted as an integer
2025-07-09 12:03:23,995 - ERROR - Unexpected error: 'NoneType' object cannot be interpreted as an integer
2025-07-09 12:03:26,359 - ERROR - Unexpected error: 'NoneType' object cannot be interpreted as an integer
2025-07-09 12:03:54,299 - ERROR - Unexpected error: 'NoneType' object cannot be interpreted as an integer
2025-07-09 12:03:55,260 - ERROR - Unexpected error: 'NoneType' object cannot be interpreted as an integer
2025-07-09 12:04:01,926 - ERROR - Unexpected error: 'NoneType' object cannot be interpreted as an integer
2025-07-09 12:04:20,001 - ERROR - Unexpected error: 'NoneType' object cannot be interpreted as an integer
2025-07-09 12:04:29,548 - ERROR - Unexpected error: 'NoneType' object cannot be interpreted as an integer
2025-07-09 12:04:34,602 - ERROR - Unexpected error: 'NoneType' object cannot be interpreted as an integer
2025-07-09 12:04:40,192 - ERROR - Unexpected error: 'NoneType' object cannot be interpreted as an integer
2025-07-09 12:04:44,544 - ERROR - Unexpected error: 'NoneType' object cannot be interpreted as an integer
2025-07-09 12:05:01,405 - ERROR - Unexpected error: 'NoneType' object cannot be interpreted as an integer
2025-07-09 12:05:13,863 - ERROR - Unexpected error: 'NoneType' object cannot be interpreted as an integer
2025-07-09 12:05:27,059 - ERROR - Request failed: 422 Client Error: Unprocessable Entity for url: https://arctic-shift.photon-reddit.com/api/posts/search?author=Crazy_Negotiation326&after=1641016800&before=1745989200&limit=auto&sort=asc&meta-app=download-tool
2025-07-09 12:05:30,214 - ERROR - Request failed: 422 Client Error: Unprocessable Entity for url: https://arctic-shift.photon-reddit.com/api/posts/search?author=BaebydollC&after=1641016800&before=1745989200&limit=auto&sort=asc&meta-app=download-tool
2025-07-09 12:05:39,315 - ERROR - Request failed: 422 Client Error: Unprocessable Entity for url: https://arctic-shift.photon-reddit.com/api/posts/search?author=Minds-Eye_C12H22O11&after=1641016800&before=1745989200&limit=auto&sort=asc&meta-app=download-tool
2025-07-09 12:05:42,465 - ERROR - Request failed: 422 Client Error: Unprocessable Entity for url: https://arctic-shift.photon-reddit.com/api/posts/search?author=Deaddredhead92&after=1641016800&before=1745989200&limit=auto&sort=asc&meta-app=download-tool
2025-07-09 12:05:59,013 - ERROR - Request failed: 422 Client Error: Unprocessable Entity for url: https://arctic-shift.photon-reddit.com/api/posts/search?author=mililani2&after=1641016800&before=1745989200&limit=auto&sort=asc&meta-app=download-tool
2025-07-09 12:06:44,664 - ERROR - Request failed: 422 Client Error: Unprocessable Entity for url: https://arctic-shift.photon-reddit.com/api/posts/search?author=Bestself1970&after=1641016800&before=1745989200&limit=auto&sort=asc&meta-app=download-tool
2025-07-09 12:07:00,812 - ERROR - Unexpected error: 'NoneType' object cannot be interpreted as an integer
2025-07-09 12:07:06,384 - ERROR - Request failed: 422 Client Error: Unprocessable Entity for url: https://arctic-shift.photon-reddit.com/api/posts/search?author=One_Loquat5389&after=1641016800&before=1745989200&limit=auto&sort=asc&meta-app=download-tool
2025-07-09 12:07:31,951 - ERROR - Unexpected error: 'NoneType' object cannot be interpreted as an integer
2025-07-09 12:07:55,529 - ERROR - Request failed: 422 Client Error: Unprocessable Entity for url: https://arctic-shift.photon-reddit.com/api/posts/search?author=blastedbutthole&after=1641016800&before=1745989200&limit=auto&sort=asc&meta-app=download-tool
2025-07-09 12:08:18,711 - ERROR - Request failed: 422 Client Error: Unprocessable Entity for url: https://arctic-shift.photon-reddit.com/api/posts/search?author=YoUrK11iNMeSMa11s&after=1641016800&before=1745989200&limit=auto&sort=asc&meta-app=download-tool
2025-07-09 12:08:40,460 - ERROR - Request failed: 422 Client Error: Unprocessable Entity for url: https://arctic-shift.photon-reddit.com/api/posts/search?author=Brown_banker&after=1641016800&before=1745989200&limit=auto&sort=asc&meta-app=download-tool
2025-07-09 12:08:50,868 - ERROR - Request failed: 422 Client Error: Unprocessable Entity for url: https://arctic-shift.photon-reddit.com/api/posts/search?author=Starwolf2204&after=1641016800&before=1745989200&limit=auto&sort=asc&meta-app=download-tool
2025-07-09 12:09:06,207 - ERROR - Request failed: 422 Client Error: Unprocessable Entity for url: https://arctic-shift.photon-reddit.com/api/posts/search?author=BruticusBob&after=1641016800&before=1745989200&limit=auto&sort=asc&meta-app=download-tool
2025-07-09 12:09:16,369 - ERROR - Request failed: 422 Client Error: Unprocessable Entity for url: https://arctic-shift.photon-reddit.com/api/posts/search?author=Digidai&after=1641016800&before=1745989200&limit=auto&sort=asc&meta-app=download-tool
2025-07-09 12:09:44,863 - ERROR - Request failed: 422 Client Error: Unprocessable Entity for url: https://arctic-shift.photon-reddit.com/api/posts/search?author=mustihans&after=1641016800&before=1745989200&limit=auto&sort=asc&meta-app=download-tool
2025-07-09 12:10:30,352 - ERROR - Unexpected error: 'NoneType' object cannot be interpreted as an integer
2025-07-09 12:10:31,639 - ERROR - Unexpected error: 'NoneType' object cannot be interpreted as an integer
2025-07-09 12:10:42,320 - ERROR - Unexpected error: 'NoneType' object cannot be interpreted as an integer
2025-07-09 12:10:43,459 - ERROR - Unexpected error: 'NoneType' object cannot be interpreted as an integer
2025-07-09 12:10:54,616 - ERROR - Unexpected error: 'NoneType' object cannot be interpreted as an integer
2025-07-09 12:11:13,772 - ERROR - Unexpected error: 'NoneType' object cannot be interpreted as an integer
2025-07-09 12:11:16,608 - ERROR - Unexpected error: 'NoneType' object cannot be interpreted as an integer
2025-07-09 12:11:20,148 - ERROR - Unexpected error: 'NoneType' object cannot be interpreted as an integer
2025-07-09 12:11:22,651 - ERROR - Unexpected error: 'NoneType' object cannot be interpreted as an integer
2025-07-09 12:11:32,450 - ERROR - Unexpected error: 'NoneType' object cannot be interpreted as an integer
2025-07-09 12:11:36,278 - ERROR - Unexpected error: 'NoneType' object cannot be interpreted as an integer
2025-07-09 12:11:40,789 - ERROR - Unexpected error: 'NoneType' object cannot be interpreted as an integer
2025-07-09 12:11:58,710 - ERROR - Unexpected error: 'NoneType' object cannot be interpreted as an integer
2025-07-09 12:12:08,013 - ERROR - Unexpected error: 'NoneType' object cannot be interpreted as an integer
2025-07-09 12:12:19,518 - ERROR - Unexpected error: 'NoneType' object cannot be interpreted as an integer
2025-07-09 12:12:27,688 - ERROR - Unexpected error: 'NoneType' object cannot be interpreted as an integer
2025-07-09 12:12:30,567 - ERROR - Unexpected error: 'NoneType' object cannot be interpreted as an integer
2025-07-09 12:12:41,184 - ERROR - Unexpected error: 'NoneType' object cannot be interpreted as an integer
2025-07-09 12:13:12,717 - ERROR - Unexpected error: 'NoneType' object cannot be interpreted as an integer
2025-07-09 12:13:16,520 - ERROR - Unexpected error: 'NoneType' object cannot be interpreted as an integer
2025-07-09 12:13:16,683 - ERROR - Unexpected error: 'NoneType' object cannot be interpreted as an integer
2025-07-09 12:13:19,425 - ERROR - Unexpected error: 'NoneType' object cannot be interpreted as an integer
2025-07-09 12:13:34,534 - ERROR - Unexpected error: 'NoneType' object cannot be interpreted as an integer
2025-07-09 12:13:42,488 - INFO - Processed 14000 users so far
2025-07-09 12:13:58,186 - ERROR - Unexpected error: 'NoneType' object cannot be interpreted as an integer
2025-07-09 12:14:16,027 - ERROR - Unexpected error: 'NoneType' object cannot be interpreted as an integer
2025-07-09 12:14:28,747 - ERROR - Unexpected error: 'NoneType' object cannot be interpreted as an integer
2025-07-09 12:14:49,530 - ERROR - Unexpected error: 'NoneType' object cannot be interpreted as an integer
2025-07-09 12:14:55,858 - ERROR - Unexpected error: 'NoneType' object cannot be interpreted as an integer
2025-07-09 12:15:00,396 - ERROR - Unexpected error: 'NoneType' object cannot be interpreted as an integer
2025-07-09 12:15:07,961 - ERROR - Unexpected error: 'NoneType' object cannot be interpreted as an integer
2025-07-09 12:15:18,304 - ERROR - Unexpected error: 'NoneType' object cannot be interpreted as an integer
2025-07-09 12:15:18,469 - ERROR - Unexpected error: 'NoneType' object cannot be interpreted as an integer
2025-07-09 12:16:10,908 - ERROR - Unexpected error: 'NoneType' object cannot be interpreted as an integer
2025-07-09 12:16:17,305 - ERROR - Unexpected error: 'NoneType' object cannot be interpreted as an integer
2025-07-09 12:17:14,790 - ERROR - Unexpected error: 'NoneType' object cannot be interpreted as an integer
2025-07-09 12:17:21,630 - ERROR - Unexpected error: 'NoneType' object cannot be interpreted as an integer
2025-07-09 12:17:36,606 - ERROR - Unexpected error: 'NoneType' object cannot be interpreted as an integer
2025-07-09 12:17:38,172 - ERROR - Unexpected error: 'NoneType' object cannot be interpreted as an integer
2025-07-09 12:17:38,356 - ERROR - Unexpected error: 'NoneType' object cannot be interpreted as an integer
2025-07-09 12:17:53,792 - ERROR - Unexpected error: 'NoneType' object cannot be interpreted as an integer
2025-07-09 12:18:33,952 - ERROR - Unexpected error: 'NoneType' object cannot be interpreted as an integer
2025-07-09 12:18:49,407 - ERROR - Unexpected error: 'NoneType' object cannot be interpreted as an integer
2025-07-09 12:18:59,237 - ERROR - Unexpected error: 'NoneType' object cannot be interpreted as an integer
2025-07-09 12:19:01,167 - ERROR - Unexpected error: 'NoneType' object cannot be interpreted as an integer
2025-07-09 12:19:22,067 - ERROR - Unexpected error: 'NoneType' object cannot be interpreted as an integer
2025-07-09 12:20:38,685 - ERROR - Unexpected error: 'NoneType' object cannot be interpreted as an integer
2025-07-09 12:20:42,583 - ERROR - Unexpected error: 'NoneType' object cannot be interpreted as an integer
2025-07-09 12:20:53,756 - ERROR - Unexpected error: 'NoneType' object cannot be interpreted as an integer
2025-07-09 12:21:01,434 - ERROR - Unexpected error: 'NoneType' object cannot be interpreted as an integer
2025-07-09 12:21:10,346 - ERROR - Unexpected error: 'NoneType' object cannot be interpreted as an integer
2025-07-09 12:21:52,160 - ERROR - Unexpected error: 'NoneType' object cannot be interpreted as an integer
2025-07-09 12:21:59,635 - ERROR - Unexpected error: 'NoneType' object cannot be interpreted as an integer
2025-07-09 12:22:23,666 - ERROR - Unexpected error: 'NoneType' object cannot be interpreted as an integer
2025-07-09 12:22:31,256 - INFO - Processed 16000 users so far
2025-07-09 12:22:33,324 - ERROR - Unexpected error: 'NoneType' object cannot be interpreted as an integer
2025-07-09 12:22:42,842 - ERROR - Unexpected error: 'NoneType' object cannot be interpreted as an integer
2025-07-09 12:23:19,485 - ERROR - Unexpected error: 'NoneType' object cannot be interpreted as an integer
2025-07-09 12:23:39,256 - ERROR - Unexpected error: 'NoneType' object cannot be interpreted as an integer
2025-07-09 12:23:52,605 - ERROR - Unexpected error: 'NoneType' object cannot be interpreted as an integer
2025-07-09 12:23:57,723 - ERROR - Unexpected error: 'NoneType' object cannot be interpreted as an integer
2025-07-09 12:24:16,520 - ERROR - Unexpected error: 'NoneType' object cannot be interpreted as an integer
2025-07-09 12:24:20,556 - ERROR - Unexpected error: 'NoneType' object cannot be interpreted as an integer
2025-07-09 12:24:24,524 - ERROR - Unexpected error: 'NoneType' object cannot be interpreted as an integer
2025-07-09 12:24:44,619 - ERROR - Unexpected error: 'NoneType' object cannot be interpreted as an integer
2025-07-09 12:24:49,449 - ERROR - Unexpected error: 'NoneType' object cannot be interpreted as an integer
2025-07-09 12:25:07,288 - ERROR - Unexpected error: 'NoneType' object cannot be interpreted as an integer
2025-07-09 12:25:09,857 - ERROR - Unexpected error: 'NoneType' object cannot be interpreted as an integer
2025-07-09 12:25:11,629 - ERROR - Unexpected error: 'NoneType' object cannot be interpreted as an integer
2025-07-09 12:25:26,038 - ERROR - Unexpected error: 'NoneType' object cannot be interpreted as an integer
2025-07-09 12:25:56,335 - ERROR - Unexpected error: 'NoneType' object cannot be interpreted as an integer
2025-07-09 12:26:04,986 - ERROR - Unexpected error: 'NoneType' object cannot be interpreted as an integer
2025-07-09 12:26:12,855 - ERROR - Unexpected error: 'NoneType' object cannot be interpreted as an integer
2025-07-09 12:26:16,974 - ERROR - Unexpected error: 'NoneType' object cannot be interpreted as an integer
2025-07-09 12:26:51,804 - ERROR - Unexpected error: 'NoneType' object cannot be interpreted as an integer
2025-07-09 12:26:52,597 - ERROR - Unexpected error: 'NoneType' object cannot be interpreted as an integer
2025-07-09 12:27:11,990 - ERROR - Unexpected error: 'NoneType' object cannot be interpreted as an integer
2025-07-09 12:27:17,232 - ERROR - Unexpected error: 'NoneType' object cannot be interpreted as an integer
2025-07-09 12:27:33,781 - ERROR - Unexpected error: 'NoneType' object cannot be interpreted as an integer
2025-07-09 12:27:48,058 - ERROR - Unexpected error: 'NoneType' object cannot be interpreted as an integer
2025-07-09 12:28:46,417 - ERROR - Unexpected error: 'NoneType' object cannot be interpreted as an integer
2025-07-09 12:29:10,443 - ERROR - Unexpected error: 'NoneType' object cannot be interpreted as an integer
2025-07-09 12:29:15,517 - ERROR - Unexpected error: 'NoneType' object cannot be interpreted as an integer
2025-07-09 12:29:19,428 - ERROR - Unexpected error: 'NoneType' object cannot be interpreted as an integer
2025-07-09 12:30:14,406 - ERROR - Unexpected error: 'NoneType' object cannot be interpreted as an integer
2025-07-09 12:30:28,809 - ERROR - Unexpected error: 'NoneType' object cannot be interpreted as an integer
2025-07-09 12:30:28,983 - ERROR - Unexpected error: 'NoneType' object cannot be interpreted as an integer
2025-07-09 12:30:37,454 - ERROR - Unexpected error: 'NoneType' object cannot be interpreted as an integer
2025-07-09 12:30:38,332 - ERROR - Unexpected error: 'NoneType' object cannot be interpreted as an integer
2025-07-09 12:30:43,458 - ERROR - Unexpected error: 'NoneType' object cannot be interpreted as an integer
2025-07-09 12:30:54,578 - ERROR - Unexpected error: 'NoneType' object cannot be interpreted as an integer
2025-07-09 12:30:56,124 - INFO - Processed 18000 users so far
2025-07-09 12:31:05,307 - ERROR - Unexpected error: 'NoneType' object cannot be interpreted as an integer
2025-07-09 12:31:11,012 - ERROR - Unexpected error: 'NoneType' object cannot be interpreted as an integer
2025-07-09 12:31:20,945 - ERROR - Unexpected error: 'NoneType' object cannot be interpreted as an integer
2025-07-09 12:31:25,145 - ERROR - Unexpected error: 'NoneType' object cannot be interpreted as an integer
2025-07-09 12:31:30,874 - ERROR - Unexpected error: 'NoneType' object cannot be interpreted as an integer
2025-07-09 12:31:31,334 - ERROR - Unexpected error: 'NoneType' object cannot be interpreted as an integer
2025-07-09 12:31:33,391 - ERROR - Unexpected error: 'NoneType' object cannot be interpreted as an integer
2025-07-09 12:31:36,158 - ERROR - Unexpected error: 'NoneType' object cannot be interpreted as an integer
2025-07-09 12:31:36,617 - ERROR - Unexpected error: 'NoneType' object cannot be interpreted as an integer
2025-07-09 12:31:43,289 - ERROR - Unexpected error: 'NoneType' object cannot be interpreted as an integer
2025-07-09 12:31:55,403 - ERROR - Unexpected error: 'NoneType' object cannot be interpreted as an integer
2025-07-09 12:32:01,906 - ERROR - Unexpected error: 'NoneType' object cannot be interpreted as an integer
2025-07-09 12:32:23,228 - ERROR - Unexpected error: 'NoneType' object cannot be interpreted as an integer
2025-07-09 12:32:24,689 - ERROR - Unexpected error: 'NoneType' object cannot be interpreted as an integer
2025-07-09 12:32:26,743 - ERROR - Unexpected error: 'NoneType' object cannot be interpreted as an integer
2025-07-09 12:32:46,760 - ERROR - Unexpected error: 'NoneType' object cannot be interpreted as an integer
2025-07-09 12:32:58,616 - ERROR - Unexpected error: 'NoneType' object cannot be interpreted as an integer
2025-07-09 12:33:18,563 - ERROR - Unexpected error: 'NoneType' object cannot be interpreted as an integer
2025-07-09 12:33:43,755 - ERROR - Unexpected error: 'NoneType' object cannot be interpreted as an integer
2025-07-09 12:33:48,176 - ERROR - Unexpected error: 'NoneType' object cannot be interpreted as an integer
2025-07-09 12:33:48,344 - ERROR - Unexpected error: 'NoneType' object cannot be interpreted as an integer
2025-07-09 12:33:54,050 - ERROR - Unexpected error: 'NoneType' object cannot be interpreted as an integer
2025-07-09 12:34:19,146 - ERROR - Unexpected error: 'NoneType' object cannot be interpreted as an integer
2025-07-09 12:35:03,449 - ERROR - Unexpected error: 'NoneType' object cannot be interpreted as an integer
2025-07-09 12:35:09,779 - ERROR - Unexpected error: 'NoneType' object cannot be interpreted as an integer
2025-07-09 12:35:13,235 - ERROR - Unexpected error: 'NoneType' object cannot be interpreted as an integer
2025-07-09 12:35:19,258 - ERROR - Unexpected error: 'NoneType' object cannot be interpreted as an integer
2025-07-09 12:35:23,766 - ERROR - Unexpected error: 'NoneType' object cannot be interpreted as an integer
2025-07-09 12:35:26,675 - ERROR - Unexpected error: 'NoneType' object cannot be interpreted as an integer
2025-07-09 12:35:41,156 - ERROR - Unexpected error: 'NoneType' object cannot be interpreted as an integer
2025-07-09 12:35:57,032 - ERROR - Unexpected error: 'NoneType' object cannot be interpreted as an integer
2025-07-09 12:36:05,618 - ERROR - Unexpected error: 'NoneType' object cannot be interpreted as an integer
2025-07-09 12:36:26,795 - ERROR - Unexpected error: 'NoneType' object cannot be interpreted as an integer
2025-07-09 12:36:35,981 - ERROR - Unexpected error: 'NoneType' object cannot be interpreted as an integer
2025-07-09 12:36:38,223 - ERROR - Unexpected error: 'NoneType' object cannot be interpreted as an integer
2025-07-09 12:36:40,763 - ERROR - Unexpected error: 'NoneType' object cannot be interpreted as an integer
2025-07-09 12:36:44,317 - ERROR - Unexpected error: 'NoneType' object cannot be interpreted as an integer
2025-07-09 12:36:52,301 - ERROR - Unexpected error: 'NoneType' object cannot be interpreted as an integer
2025-07-09 12:37:18,989 - ERROR - Unexpected error: 'NoneType' object cannot be interpreted as an integer
2025-07-09 12:37:20,440 - ERROR - Unexpected error: 'NoneType' object cannot be interpreted as an integer
2025-07-09 12:37:51,059 - ERROR - Unexpected error: 'NoneType' object cannot be interpreted as an integer
2025-07-09 12:38:08,009 - ERROR - Unexpected error: 'NoneType' object cannot be interpreted as an integer
2025-07-09 12:38:19,201 - ERROR - Unexpected error: 'NoneType' object cannot be interpreted as an integer
2025-07-09 12:38:34,810 - ERROR - Unexpected error: 'NoneType' object cannot be interpreted as an integer
2025-07-09 12:38:56,546 - ERROR - Unexpected error: 'NoneType' object cannot be interpreted as an integer
2025-07-09 12:39:25,099 - INFO - Processed 20000 users so far
2025-07-09 12:39:28,282 - ERROR - Unexpected error: 'NoneType' object cannot be interpreted as an integer
2025-07-09 12:39:39,596 - ERROR - Unexpected error: 'NoneType' object cannot be interpreted as an integer
2025-07-09 12:39:54,197 - ERROR - Unexpected error: 'NoneType' object cannot be interpreted as an integer
2025-07-09 12:40:10,544 - ERROR - Unexpected error: 'NoneType' object cannot be interpreted as an integer
2025-07-09 12:40:24,314 - ERROR - Unexpected error: 'NoneType' object cannot be interpreted as an integer
2025-07-09 12:40:51,230 - ERROR - Unexpected error: 'NoneType' object cannot be interpreted as an integer
2025-07-09 12:41:10,529 - ERROR - Unexpected error: 'NoneType' object cannot be interpreted as an integer
2025-07-09 12:41:16,251 - ERROR - Unexpected error: 'NoneType' object cannot be interpreted as an integer
2025-07-09 12:41:25,142 - ERROR - Unexpected error: 'NoneType' object cannot be interpreted as an integer
2025-07-09 12:41:28,233 - ERROR - Unexpected error: 'NoneType' object cannot be interpreted as an integer
2025-07-09 12:41:30,754 - ERROR - Unexpected error: 'NoneType' object cannot be interpreted as an integer
2025-07-09 12:41:38,628 - ERROR - Unexpected error: 'NoneType' object cannot be interpreted as an integer
2025-07-09 12:41:48,591 - ERROR - Unexpected error: 'NoneType' object cannot be interpreted as an integer
2025-07-09 12:41:50,151 - ERROR - Unexpected error: 'NoneType' object cannot be interpreted as an integer
2025-07-09 12:42:01,240 - ERROR - Unexpected error: 'NoneType' object cannot be interpreted as an integer
2025-07-09 12:42:03,185 - ERROR - Unexpected error: 'NoneType' object cannot be interpreted as an integer
2025-07-09 12:42:04,446 - ERROR - Unexpected error: 'NoneType' object cannot be interpreted as an integer
2025-07-09 12:42:09,653 - ERROR - Unexpected error: 'NoneType' object cannot be interpreted as an integer
2025-07-09 12:42:16,777 - ERROR - Unexpected error: 'NoneType' object cannot be interpreted as an integer
2025-07-09 12:42:35,822 - ERROR - Unexpected error: 'NoneType' object cannot be interpreted as an integer
2025-07-09 12:42:46,726 - ERROR - Unexpected error: 'NoneType' object cannot be interpreted as an integer
2025-07-09 12:43:07,270 - ERROR - Unexpected error: 'NoneType' object cannot be interpreted as an integer
2025-07-09 12:43:08,819 - ERROR - Unexpected error: 'NoneType' object cannot be interpreted as an integer
2025-07-09 12:43:15,907 - ERROR - Unexpected error: 'NoneType' object cannot be interpreted as an integer
2025-07-09 12:43:21,596 - ERROR - Unexpected error: 'NoneType' object cannot be interpreted as an integer
2025-07-09 12:43:26,991 - ERROR - Unexpected error: 'NoneType' object cannot be interpreted as an integer
2025-07-09 12:43:30,078 - ERROR - Unexpected error: 'NoneType' object cannot be interpreted as an integer
2025-07-09 12:43:35,167 - ERROR - Unexpected error: 'NoneType' object cannot be interpreted as an integer
2025-07-09 12:43:42,634 - ERROR - Unexpected error: 'NoneType' object cannot be interpreted as an integer
2025-07-09 12:43:59,722 - ERROR - Unexpected error: 'NoneType' object cannot be interpreted as an integer
2025-07-09 12:44:16,537 - ERROR - Unexpected error: 'NoneType' object cannot be interpreted as an integer
2025-07-09 12:44:18,591 - ERROR - Unexpected error: 'NoneType' object cannot be interpreted as an integer
2025-07-09 12:44:23,666 - ERROR - Unexpected error: 'NoneType' object cannot be interpreted as an integer
2025-07-09 12:44:44,703 - ERROR - Unexpected error: 'NoneType' object cannot be interpreted as an integer
2025-07-09 12:44:50,613 - ERROR - Unexpected error: 'NoneType' object cannot be interpreted as an integer
2025-07-09 12:45:23,299 - ERROR - Unexpected error: 'NoneType' object cannot be interpreted as an integer
2025-07-09 12:45:35,258 - ERROR - Unexpected error: 'NoneType' object cannot be interpreted as an integer
2025-07-09 12:46:04,299 - ERROR - Unexpected error: 'NoneType' object cannot be interpreted as an integer
2025-07-09 12:46:19,682 - ERROR - Unexpected error: 'NoneType' object cannot be interpreted as an integer
2025-07-09 12:46:24,766 - ERROR - Unexpected error: 'NoneType' object cannot be interpreted as an integer
2025-07-09 12:46:55,630 - ERROR - Unexpected error: 'NoneType' object cannot be interpreted as an integer
2025-07-09 12:47:14,427 - ERROR - Unexpected error: 'NoneType' object cannot be interpreted as an integer
2025-07-09 12:47:17,692 - ERROR - Unexpected error: 'NoneType' object cannot be interpreted as an integer
2025-07-09 12:47:20,014 - ERROR - Unexpected error: 'NoneType' object cannot be interpreted as an integer
2025-07-09 12:47:37,779 - ERROR - Unexpected error: 'NoneType' object cannot be interpreted as an integer
2025-07-09 12:47:38,180 - ERROR - Unexpected error: 'NoneType' object cannot be interpreted as an integer
2025-07-09 12:47:59,618 - ERROR - Unexpected error: 'NoneType' object cannot be interpreted as an integer
2025-07-09 12:48:04,931 - INFO - Processed 22000 users so far
2025-07-09 12:48:11,389 - ERROR - Unexpected error: 'NoneType' object cannot be interpreted as an integer
2025-07-09 12:48:14,949 - ERROR - Unexpected error: 'NoneType' object cannot be interpreted as an integer
2025-07-09 12:48:24,523 - ERROR - Unexpected error: 'NoneType' object cannot be interpreted as an integer
2025-07-09 12:48:43,425 - ERROR - Unexpected error: 'NoneType' object cannot be interpreted as an integer
2025-07-09 12:48:51,490 - ERROR - Unexpected error: 'NoneType' object cannot be interpreted as an integer
2025-07-09 12:49:27,299 - ERROR - Unexpected error: 'NoneType' object cannot be interpreted as an integer
2025-07-09 12:49:34,507 - ERROR - Unexpected error: 'NoneType' object cannot be interpreted as an integer
2025-07-09 12:49:36,758 - ERROR - Unexpected error: 'NoneType' object cannot be interpreted as an integer
2025-07-09 12:49:49,206 - ERROR - Unexpected error: 'NoneType' object cannot be interpreted as an integer
2025-07-09 12:50:10,351 - ERROR - Unexpected error: 'NoneType' object cannot be interpreted as an integer
2025-07-09 12:50:12,271 - ERROR - Unexpected error: 'NoneType' object cannot be interpreted as an integer
2025-07-09 12:50:13,758 - ERROR - Unexpected error: 'NoneType' object cannot be interpreted as an integer
2025-07-09 12:50:18,352 - ERROR - Unexpected error: 'NoneType' object cannot be interpreted as an integer
2025-07-09 12:50:19,318 - ERROR - Unexpected error: 'NoneType' object cannot be interpreted as an integer
2025-07-09 12:50:21,483 - ERROR - Unexpected error: 'NoneType' object cannot be interpreted as an integer
2025-07-09 12:50:29,718 - ERROR - Unexpected error: 'NoneType' object cannot be interpreted as an integer
2025-07-09 12:50:38,440 - ERROR - Unexpected error: 'NoneType' object cannot be interpreted as an integer
2025-07-09 12:50:44,446 - ERROR - Unexpected error: 'NoneType' object cannot be interpreted as an integer
2025-07-09 12:50:45,741 - ERROR - Unexpected error: 'NoneType' object cannot be interpreted as an integer
2025-07-09 12:51:00,874 - ERROR - Unexpected error: 'NoneType' object cannot be interpreted as an integer
2025-07-09 12:51:02,014 - ERROR - Unexpected error: 'NoneType' object cannot be interpreted as an integer
2025-07-09 12:51:04,535 - ERROR - Unexpected error: 'NoneType' object cannot be interpreted as an integer
2025-07-09 12:51:46,186 - ERROR - Unexpected error: 'NoneType' object cannot be interpreted as an integer
2025-07-09 12:51:51,324 - ERROR - Unexpected error: 'NoneType' object cannot be interpreted as an integer
2025-07-09 12:51:54,551 - ERROR - Unexpected error: 'NoneType' object cannot be interpreted as an integer
2025-07-09 12:52:10,683 - ERROR - Request failed: 422 Client Error: Unprocessable Entity for url: https://arctic-shift.photon-reddit.com/api/posts/search?author=Antidotebeatz&after=1641016800&before=1745989200&limit=auto&sort=asc&meta-app=download-tool
2025-07-09 12:52:27,489 - ERROR - Unexpected error: 'NoneType' object cannot be interpreted as an integer
2025-07-09 12:52:33,325 - ERROR - Unexpected error: 'NoneType' object cannot be interpreted as an integer
2025-07-09 12:52:41,662 - ERROR - Unexpected error: 'NoneType' object cannot be interpreted as an integer
2025-07-09 12:52:50,266 - ERROR - Unexpected error: 'NoneType' object cannot be interpreted as an integer
2025-07-09 12:53:12,918 - ERROR - Unexpected error: 'NoneType' object cannot be interpreted as an integer
2025-07-09 12:53:33,758 - ERROR - Unexpected error: 'NoneType' object cannot be interpreted as an integer
2025-07-09 12:53:37,020 - ERROR - Unexpected error: 'NoneType' object cannot be interpreted as an integer
2025-07-09 12:53:43,950 - ERROR - Unexpected error: 'NoneType' object cannot be interpreted as an integer
2025-07-09 12:53:56,587 - ERROR - Unexpected error: 'NoneType' object cannot be interpreted as an integer
2025-07-09 12:53:57,978 - ERROR - Unexpected error: 'NoneType' object cannot be interpreted as an integer
2025-07-09 12:54:28,207 - ERROR - Unexpected error: 'NoneType' object cannot be interpreted as an integer
2025-07-09 12:54:33,621 - ERROR - Unexpected error: 'NoneType' object cannot be interpreted as an integer
2025-07-09 12:54:35,205 - ERROR - Unexpected error: 'NoneType' object cannot be interpreted as an integer
2025-07-09 12:54:38,367 - ERROR - Unexpected error: 'NoneType' object cannot be interpreted as an integer
2025-07-09 12:55:01,022 - ERROR - Unexpected error: 'NoneType' object cannot be interpreted as an integer
2025-07-09 12:55:20,287 - ERROR - Unexpected error: 'NoneType' object cannot be interpreted as an integer
2025-07-09 12:55:22,733 - ERROR - Unexpected error: 'NoneType' object cannot be interpreted as an integer
2025-07-09 12:55:27,992 - ERROR - Unexpected error: 'NoneType' object cannot be interpreted as an integer
2025-07-09 12:55:44,619 - ERROR - Unexpected error: 'NoneType' object cannot be interpreted as an integer
2025-07-09 12:55:49,006 - ERROR - Unexpected error: 'NoneType' object cannot be interpreted as an integer
2025-07-09 12:56:10,086 - ERROR - Unexpected error: 'NoneType' object cannot be interpreted as an integer
2025-07-09 12:56:38,364 - ERROR - Unexpected error: 'NoneType' object cannot be interpreted as an integer
2025-07-09 12:57:02,409 - ERROR - Request failed: 422 Client Error: Unprocessable Entity for url: https://arctic-shift.photon-reddit.com/api/posts/search?author=grizzlypass&after=1641016800&before=1745989200&limit=auto&sort=asc&meta-app=download-tool
2025-07-09 12:57:15,563 - ERROR - Unexpected error: 'NoneType' object cannot be interpreted as an integer
2025-07-09 12:57:18,427 - INFO - Processed 24000 users so far
2025-07-09 12:57:19,752 - ERROR - Unexpected error: 'NoneType' object cannot be interpreted as an integer
2025-07-09 12:57:22,994 - ERROR - Unexpected error: 'NoneType' object cannot be interpreted as an integer
2025-07-09 12:57:24,106 - ERROR - Unexpected error: 'NoneType' object cannot be interpreted as an integer
2025-07-09 12:57:36,822 - ERROR - Unexpected error: 'NoneType' object cannot be interpreted as an integer
2025-07-09 12:57:39,763 - ERROR - Unexpected error: 'NoneType' object cannot be interpreted as an integer
2025-07-09 12:57:47,398 - ERROR - Unexpected error: 'NoneType' object cannot be interpreted as an integer
2025-07-09 12:58:08,343 - ERROR - Unexpected error: 'NoneType' object cannot be interpreted as an integer
2025-07-09 12:59:00,448 - ERROR - Unexpected error: 'NoneType' object cannot be interpreted as an integer
2025-07-09 12:59:03,489 - ERROR - Unexpected error: 'NoneType' object cannot be interpreted as an integer
2025-07-09 12:59:08,440 - ERROR - Unexpected error: 'NoneType' object cannot be interpreted as an integer
2025-07-09 12:59:13,529 - ERROR - Unexpected error: 'NoneType' object cannot be interpreted as an integer
2025-07-09 12:59:17,506 - ERROR - Unexpected error: 'NoneType' object cannot be interpreted as an integer
2025-07-09 12:59:26,128 - ERROR - Unexpected error: 'NoneType' object cannot be interpreted as an integer
2025-07-09 12:59:33,452 - ERROR - Unexpected error: 'NoneType' object cannot be interpreted as an integer
2025-07-09 12:59:45,562 - ERROR - Unexpected error: 'NoneType' object cannot be interpreted as an integer
2025-07-09 12:59:56,793 - ERROR - Unexpected error: 'NoneType' object cannot be interpreted as an integer
2025-07-09 13:00:16,259 - ERROR - Unexpected error: 'NoneType' object cannot be interpreted as an integer
2025-07-09 13:00:17,886 - ERROR - Unexpected error: 'NoneType' object cannot be interpreted as an integer
2025-07-09 13:00:27,696 - ERROR - Unexpected error: 'NoneType' object cannot be interpreted as an integer
2025-07-09 13:00:39,161 - ERROR - Unexpected error: 'NoneType' object cannot be interpreted as an integer
2025-07-09 13:00:50,714 - ERROR - Unexpected error: 'NoneType' object cannot be interpreted as an integer
2025-07-09 13:00:56,356 - ERROR - Unexpected error: 'NoneType' object cannot be interpreted as an integer
2025-07-09 13:00:59,502 - ERROR - Unexpected error: 'NoneType' object cannot be interpreted as an integer
2025-07-09 13:01:04,955 - ERROR - Unexpected error: 'NoneType' object cannot be interpreted as an integer
2025-07-09 13:01:13,013 - ERROR - Unexpected error: 'NoneType' object cannot be interpreted as an integer
2025-07-09 13:01:24,479 - ERROR - Unexpected error: 'NoneType' object cannot be interpreted as an integer
2025-07-09 13:01:48,401 - ERROR - Unexpected error: 'NoneType' object cannot be interpreted as an integer
2025-07-09 13:01:56,105 - ERROR - Unexpected error: 'NoneType' object cannot be interpreted as an integer
2025-07-09 13:01:59,627 - ERROR - Unexpected error: 'NoneType' object cannot be interpreted as an integer
2025-07-09 13:02:03,225 - ERROR - Unexpected error: 'NoneType' object cannot be interpreted as an integer
2025-07-09 13:02:03,398 - ERROR - Unexpected error: 'NoneType' object cannot be interpreted as an integer
2025-07-09 13:02:15,201 - ERROR - Unexpected error: 'NoneType' object cannot be interpreted as an integer
2025-07-09 13:03:11,572 - ERROR - Unexpected error: 'NoneType' object cannot be interpreted as an integer
2025-07-09 13:03:24,539 - ERROR - Unexpected error: 'NoneType' object cannot be interpreted as an integer
2025-07-09 13:03:28,793 - ERROR - Unexpected error: 'NoneType' object cannot be interpreted as an integer
2025-07-09 13:03:39,367 - ERROR - Unexpected error: 'NoneType' object cannot be interpreted as an integer
2025-07-09 13:03:45,474 - ERROR - Unexpected error: 'NoneType' object cannot be interpreted as an integer
2025-07-09 13:03:50,265 - ERROR - Unexpected error: 'NoneType' object cannot be interpreted as an integer
2025-07-09 13:03:52,023 - ERROR - Unexpected error: 'NoneType' object cannot be interpreted as an integer
2025-07-09 13:03:58,664 - ERROR - Unexpected error: 'NoneType' object cannot be interpreted as an integer
2025-07-09 13:04:01,720 - ERROR - Unexpected error: 'NoneType' object cannot be interpreted as an integer
2025-07-09 13:04:03,415 - ERROR - Unexpected error: 'NoneType' object cannot be interpreted as an integer
2025-07-09 13:04:05,552 - ERROR - Unexpected error: 'NoneType' object cannot be interpreted as an integer
2025-07-09 13:04:51,455 - ERROR - Unexpected error: 'NoneType' object cannot be interpreted as an integer
2025-07-09 13:04:51,614 - ERROR - Unexpected error: 'NoneType' object cannot be interpreted as an integer
2025-07-09 13:04:52,945 - ERROR - Unexpected error: 'NoneType' object cannot be interpreted as an integer
2025-07-09 13:05:01,813 - ERROR - Unexpected error: 'NoneType' object cannot be interpreted as an integer
2025-07-09 13:05:13,586 - ERROR - Unexpected error: 'NoneType' object cannot be interpreted as an integer
2025-07-09 13:05:43,531 - ERROR - Unexpected error: 'NoneType' object cannot be interpreted as an integer
2025-07-09 13:05:43,711 - ERROR - Unexpected error: 'NoneType' object cannot be interpreted as an integer
2025-07-09 13:05:54,386 - ERROR - Unexpected error: 'NoneType' object cannot be interpreted as an integer
2025-07-09 13:06:03,120 - ERROR - Unexpected error: 'NoneType' object cannot be interpreted as an integer
2025-07-09 13:06:03,954 - ERROR - Unexpected error: 'NoneType' object cannot be interpreted as an integer
2025-07-09 13:06:05,293 - ERROR - Unexpected error: 'NoneType' object cannot be interpreted as an integer
2025-07-09 13:06:10,160 - INFO - Processed 26000 users so far
2025-07-09 13:06:17,599 - ERROR - Unexpected error: 'NoneType' object cannot be interpreted as an integer
2025-07-09 13:06:27,124 - ERROR - Unexpected error: 'NoneType' object cannot be interpreted as an integer
2025-07-09 13:06:28,580 - ERROR - Unexpected error: 'NoneType' object cannot be interpreted as an integer
2025-07-09 13:06:48,944 - ERROR - Unexpected error: 'NoneType' object cannot be interpreted as an integer
2025-07-09 13:07:02,450 - ERROR - Unexpected error: 'NoneType' object cannot be interpreted as an integer
2025-07-09 13:07:08,668 - ERROR - Unexpected error: 'NoneType' object cannot be interpreted as an integer
2025-07-09 13:07:17,750 - ERROR - Unexpected error: 'NoneType' object cannot be interpreted as an integer
2025-07-09 13:07:25,012 - ERROR - Unexpected error: 'NoneType' object cannot be interpreted as an integer
2025-07-09 13:07:53,253 - ERROR - Unexpected error: 'NoneType' object cannot be interpreted as an integer
2025-07-09 13:08:26,665 - ERROR - Unexpected error: 'NoneType' object cannot be interpreted as an integer
2025-07-09 13:08:34,454 - ERROR - Unexpected error: 'NoneType' object cannot be interpreted as an integer
2025-07-09 13:08:45,233 - ERROR - Unexpected error: 'NoneType' object cannot be interpreted as an integer
2025-07-09 13:08:45,907 - ERROR - Unexpected error: 'NoneType' object cannot be interpreted as an integer
2025-07-09 13:09:10,595 - ERROR - Unexpected error: 'NoneType' object cannot be interpreted as an integer
2025-07-09 13:09:12,565 - ERROR - Unexpected error: 'NoneType' object cannot be interpreted as an integer
2025-07-09 13:09:15,290 - ERROR - Unexpected error: 'NoneType' object cannot be interpreted as an integer
2025-07-09 13:09:36,883 - ERROR - Unexpected error: 'NoneType' object cannot be interpreted as an integer
2025-07-09 13:09:41,120 - ERROR - Unexpected error: 'NoneType' object cannot be interpreted as an integer
2025-07-09 13:10:00,629 - ERROR - Unexpected error: 'NoneType' object cannot be interpreted as an integer
2025-07-09 13:10:13,881 - ERROR - Unexpected error: 'NoneType' object cannot be interpreted as an integer
2025-07-09 13:10:18,790 - ERROR - Unexpected error: 'NoneType' object cannot be interpreted as an integer
2025-07-09 13:10:21,087 - ERROR - Unexpected error: 'NoneType' object cannot be interpreted as an integer
2025-07-09 13:10:36,314 - ERROR - Unexpected error: 'NoneType' object cannot be interpreted as an integer
2025-07-09 13:10:38,626 - ERROR - Unexpected error: 'NoneType' object cannot be interpreted as an integer
2025-07-09 13:10:40,897 - ERROR - Unexpected error: 'NoneType' object cannot be interpreted as an integer
2025-07-09 13:10:55,809 - ERROR - Unexpected error: 'NoneType' object cannot be interpreted as an integer
2025-07-09 13:11:05,450 - ERROR - Unexpected error: 'NoneType' object cannot be interpreted as an integer
2025-07-09 13:11:20,079 - ERROR - Unexpected error: 'NoneType' object cannot be interpreted as an integer
2025-07-09 13:11:24,026 - ERROR - Unexpected error: 'NoneType' object cannot be interpreted as an integer
2025-07-09 13:11:25,657 - ERROR - Unexpected error: 'NoneType' object cannot be interpreted as an integer
2025-07-09 13:11:26,630 - ERROR - Unexpected error: 'NoneType' object cannot be interpreted as an integer
2025-07-09 13:11:33,163 - ERROR - Unexpected error: 'NoneType' object cannot be interpreted as an integer
2025-07-09 13:11:42,874 - ERROR - Unexpected error: 'NoneType' object cannot be interpreted as an integer
2025-07-09 13:11:45,044 - ERROR - Unexpected error: 'NoneType' object cannot be interpreted as an integer
2025-07-09 13:11:46,634 - ERROR - Unexpected error: 'NoneType' object cannot be interpreted as an integer
2025-07-09 13:11:51,838 - ERROR - Unexpected error: 'NoneType' object cannot be interpreted as an integer
2025-07-09 13:12:01,452 - ERROR - Unexpected error: 'NoneType' object cannot be interpreted as an integer
2025-07-09 13:12:09,636 - ERROR - Unexpected error: 'NoneType' object cannot be interpreted as an integer
2025-07-09 13:12:55,606 - ERROR - Unexpected error: 'NoneType' object cannot be interpreted as an integer
2025-07-09 13:13:07,927 - ERROR - Unexpected error: 'NoneType' object cannot be interpreted as an integer
2025-07-09 13:13:12,508 - ERROR - Unexpected error: 'NoneType' object cannot be interpreted as an integer
2025-07-09 13:13:17,877 - ERROR - Unexpected error: 'NoneType' object cannot be interpreted as an integer
2025-07-09 13:13:19,460 - ERROR - Unexpected error: 'NoneType' object cannot be interpreted as an integer
2025-07-09 13:13:21,390 - ERROR - Unexpected error: 'NoneType' object cannot be interpreted as an integer
2025-07-09 13:13:23,696 - ERROR - Unexpected error: 'NoneType' object cannot be interpreted as an integer
2025-07-09 13:13:46,711 - ERROR - Unexpected error: 'NoneType' object cannot be interpreted as an integer
2025-07-09 13:13:48,042 - ERROR - Unexpected error: 'NoneType' object cannot be interpreted as an integer
2025-07-09 13:14:02,828 - ERROR - Unexpected error: 'NoneType' object cannot be interpreted as an integer
2025-07-09 13:14:04,254 - ERROR - Unexpected error: 'NoneType' object cannot be interpreted as an integer
2025-07-09 13:14:10,375 - INFO - Processed 28000 users so far
2025-07-09 13:14:16,316 - ERROR - Unexpected error: 'NoneType' object cannot be interpreted as an integer
2025-07-09 13:14:17,927 - ERROR - Unexpected error: 'NoneType' object cannot be interpreted as an integer
2025-07-09 13:14:22,103 - ERROR - Unexpected error: 'NoneType' object cannot be interpreted as an integer
2025-07-09 13:14:24,687 - ERROR - Unexpected error: 'NoneType' object cannot be interpreted as an integer
2025-07-09 13:14:28,920 - ERROR - Unexpected error: 'NoneType' object cannot be interpreted as an integer
2025-07-09 13:14:48,133 - ERROR - Unexpected error: 'NoneType' object cannot be interpreted as an integer
2025-07-09 13:15:04,588 - ERROR - Unexpected error: 'NoneType' object cannot be interpreted as an integer
2025-07-09 13:15:13,269 - ERROR - Unexpected error: 'NoneType' object cannot be interpreted as an integer
2025-07-09 13:15:22,618 - ERROR - Unexpected error: 'NoneType' object cannot be interpreted as an integer
2025-07-09 13:15:33,962 - ERROR - Unexpected error: 'NoneType' object cannot be interpreted as an integer
2025-07-09 13:16:01,327 - ERROR - Unexpected error: 'NoneType' object cannot be interpreted as an integer
2025-07-09 13:16:15,927 - ERROR - Unexpected error: 'NoneType' object cannot be interpreted as an integer
2025-07-09 13:16:26,253 - ERROR - Unexpected error: 'NoneType' object cannot be interpreted as an integer
2025-07-09 13:16:34,597 - ERROR - Unexpected error: 'NoneType' object cannot be interpreted as an integer
2025-07-09 13:16:41,981 - ERROR - Unexpected error: 'NoneType' object cannot be interpreted as an integer
2025-07-09 13:17:00,702 - ERROR - Unexpected error: 'NoneType' object cannot be interpreted as an integer
2025-07-09 13:17:03,704 - INFO - No more posts found
2025-07-09 13:17:04,673 - INFO - No more posts found
2025-07-09 13:17:05,910 - INFO - No more posts found
2025-07-09 13:17:07,197 - INFO - No more posts found
2025-07-09 13:17:07,556 - INFO - No more posts found
2025-07-09 13:17:08,658 - INFO - No more posts found
2025-07-09 13:17:09,179 - INFO - No more posts found
2025-07-09 13:17:09,863 - INFO - No more posts found
2025-07-09 13:17:10,029 - ERROR - Unexpected error: 'NoneType' object cannot be interpreted as an integer
2025-07-09 13:17:10,344 - INFO - No more posts found
2025-07-09 13:17:10,672 - INFO - No more posts found
2025-07-09 13:17:10,839 - INFO - No more posts found
2025-07-09 13:17:14,935 - INFO - No more posts found
2025-07-09 13:17:15,099 - INFO - No more posts found
2025-07-09 13:17:15,753 - INFO - No more posts found
2025-07-09 13:17:16,249 - INFO - No more posts found
2025-07-09 13:17:16,908 - INFO - No more posts found
2025-07-09 13:17:17,661 - INFO - No more posts found
2025-07-09 13:17:20,533 - INFO - No more posts found
2025-07-09 13:17:22,181 - INFO - No more posts found
2025-07-09 13:17:22,338 - INFO - No more posts found
2025-07-09 13:17:22,664 - INFO - No more posts found
2025-07-09 13:17:23,153 - INFO - No more posts found
2025-07-09 13:17:24,758 - ERROR - Unexpected error: 'NoneType' object cannot be interpreted as an integer
2025-07-09 13:17:25,882 - INFO - No more posts found
2025-07-09 13:17:28,822 - INFO - No more posts found
2025-07-09 13:17:29,430 - ERROR - Unexpected error: 'NoneType' object cannot be interpreted as an integer
2025-07-09 13:17:29,585 - INFO - No more posts found
2025-07-09 13:17:29,752 - INFO - No more posts found
2025-07-09 13:17:29,913 - INFO - No more posts found
2025-07-09 13:17:31,308 - INFO - No more posts found
2025-07-09 13:17:32,112 - INFO - No more posts found
2025-07-09 13:17:32,754 - INFO - No more posts found
2025-07-09 13:17:33,271 - INFO - No more posts found
2025-07-09 13:17:33,592 - INFO - No more posts found
2025-07-09 13:17:34,458 - INFO - No more posts found
2025-07-09 13:17:35,596 - INFO - No more posts found
2025-07-09 13:17:37,600 - INFO - No more posts found
2025-07-09 13:17:37,788 - INFO - No more posts found
2025-07-09 13:17:38,622 - INFO - No more posts found
2025-07-09 13:17:40,845 - INFO - No more posts found
2025-07-09 13:17:43,057 - INFO - No more posts found
2025-07-09 13:17:43,373 - INFO - No more posts found
2025-07-09 13:17:44,984 - INFO - No more posts found
2025-07-09 13:17:45,319 - INFO - No more posts found
2025-07-09 13:17:46,626 - INFO - Completed processing. Combined output saved to jobs_author_data_batch4.jsonl
